###############################################################################
#
# IAR ELF Linker V8.32.3.193/W32 for ARM                  29/Mar/2019  14:44:40
# Copyright 2007-2019 IAR Systems AB.
#
#    Output file  =  C:\Users\X98\Desktop\IAR_ASM_ARM_CM\Debug\Exe\PROJECT.out
#    Map file     =  C:\Users\X98\Desktop\IAR_ASM_ARM_CM\Debug\List\PROJECT.map
#    Command line =  
#        -f C:\Users\X98\AppData\Local\Temp\EW2DF6.tmp
#        (C:\Users\X98\Desktop\IAR_ASM_ARM_CM\Debug\Obj\asmCut.o
#        --no_out_extension -o
#        C:\Users\X98\Desktop\IAR_ASM_ARM_CM\Debug\Exe\PROJECT.out --redirect
#        _Printf=_PrintfFullNoMb --redirect _Scanf=_ScanfFullNoMb --map
#        C:\Users\X98\Desktop\IAR_ASM_ARM_CM\Debug\List\PROJECT.map --log
#        libraries,initialization,modules,redirects,sections,veneers,unused_fragments,call_graph
#        --log_file C:\Users\X98\Desktop\IAR_ASM_ARM_CM\Debug\List\PROJECT.log
#        --config C:\Users\X98\Desktop\IAR_ASM_ARM_CM\asm_generic_CM.icf
#        --semihosting --no_library_search --entry __iar_program_start --vfe
#        --text_out locale)
#
###############################################################################

*******************************************************************************
*** PLACEMENT SUMMARY
***

"A0":  place at 0x0 { ro section .intvec };
"P1":  place in [from 0x0 to 0x1fff] { ro };
define block CSTACK with size = 1K, alignment = 8 { };
"P2":  place in [from 0x2000'0000 to 0x2000'03ff] { rw, block CSTACK };

No sections matched the following patterns:

  rw  in "P2"


  Section   Kind         Address   Size  Object
  -------   ----         -------   ----  ------
"A0":                              0x10
  .intvec   ro code          0x0   0x10  asmCut.o [1]
                          - 0x10   0x10

"P1":                              0x12
  .text     ro code         0x10   0x10  asmCut.o [1]
  .text     ro code         0x20    0x2  asmCut.o [1]
                          - 0x22   0x12

"P2":                             0x400
  CSTACK             0x2000'0000  0x400  <Block>
    CSTACK  uninit   0x2000'0000  0x400  <Block tail>
                   - 0x2000'0400  0x400

Unused ranges:

  From      To    Size
  ----      --    ----
  0x22  0x1fff  0x1fde



*******************************************************************************
*** MODULE SUMMARY
***

    Module          ro code  rw data
    ------          -------  -------
command line/config:
    --------------------------------
    Total:

C:\Users\X98\Desktop\IAR_ASM_ARM_CM\Debug\Obj: [1]
    asmCut.o             34
    --------------------------------
    Total:               34

    Linker created             1 024
------------------------------------
    Grand Total:         34    1 024


*******************************************************************************
*** ENTRY LIST
***

Entry                    Address  Size  Type      Object
-----                    -------  ----  ----      ------
CSTACK$$Base         0x2000'0000         --   Gb  - Linker created -
CSTACK$$Limit        0x2000'0400         --   Gb  - Linker created -
HardFault_Handler           0x21        Code  Gb  asmCut.o [1]
NMI_Handler                 0x21        Code  Gb  asmCut.o [1]
__iar_program_start         0x11        Code  Gb  asmCut.o [1]
__vector_table               0x0        Data  Gb  asmCut.o [1]


[1] = C:\Users\X98\Desktop\IAR_ASM_ARM_CM\Debug\Obj

     34 bytes of readonly  code memory
  1 024 bytes of readwrite data memory

Errors: none
Warnings: none
