###############################################################################
#
# IAR ELF Linker V8.32.1.169/W32 for ARM                  30/Mar/2019  00:19:08
# Copyright 2007-2018 IAR Systems AB.
#
#    Output file  =  
#        C:\Users\piotr\Documents\programowanieGithub\scc\IAR_ASM_ARM_CM\Debug\Exe\PROJECT.out
#    Map file     =  
#        C:\Users\piotr\Documents\programowanieGithub\scc\IAR_ASM_ARM_CM\Debug\List\PROJECT.map
#    Command line =  
#        -f C:\Users\piotr\AppData\Local\Temp\EWE00F.tmp
#        (C:\Users\piotr\Documents\programowanieGithub\scc\IAR_ASM_ARM_CM\Debug\Obj\asmCut.o
#        --no_out_extension -o
#        C:\Users\piotr\Documents\programowanieGithub\scc\IAR_ASM_ARM_CM\Debug\Exe\PROJECT.out
#        --redirect _Printf=_PrintfFullNoMb --redirect _Scanf=_ScanfFullNoMb
#        --map
#        C:\Users\piotr\Documents\programowanieGithub\scc\IAR_ASM_ARM_CM\Debug\List\PROJECT.map
#        --log
#        libraries,initialization,modules,redirects,sections,veneers,unused_fragments,call_graph
#        --log_file
#        C:\Users\piotr\Documents\programowanieGithub\scc\IAR_ASM_ARM_CM\Debug\List\PROJECT.log
#        --config
#        C:\Users\piotr\Documents\programowanieGithub\scc\IAR_ASM_ARM_CM\asm_generic_CM.icf
#        --semihosting --no_library_search --entry __iar_program_start --vfe
#        --text_out locale)
#
###############################################################################

*******************************************************************************
*** PLACEMENT SUMMARY
***

"A0":  place at 0x0 { ro section .intvec };
"P1":  place in [from 0x0 to 0x1fff] { ro };
define block CSTACK with size = 1K, alignment = 8 { };
"P2":  place in [from 0x2000'0000 to 0x2000'03ff] { rw, block CSTACK };

No sections matched the following patterns:

  rw  in "P2"


  Section   Kind         Address   Size  Object
  -------   ----         -------   ----  ------
"A0":                              0x10
  .intvec   ro code          0x0   0x10  asmCut.o [1]
                          - 0x10   0x10

"P1":                              0x1e
  .text     ro code         0x10   0x1c  asmCut.o [1]
  .text     ro code         0x2c    0x2  asmCut.o [1]
                          - 0x2e   0x1e

"P2":                             0x400
  CSTACK             0x2000'0000  0x400  <Block>
    CSTACK  uninit   0x2000'0000  0x400  <Block tail>
                   - 0x2000'0400  0x400

Unused ranges:

  From      To    Size
  ----      --    ----
  0x2e  0x1fff  0x1fd2



*******************************************************************************
*** MODULE SUMMARY
***

    Module          ro code  rw data
    ------          -------  -------
command line/config:
    --------------------------------
    Total:

C:\Users\piotr\Documents\programowanieGithub\scc\IAR_ASM_ARM_CM\Debug\Obj: [1]
    asmCut.o             46
    --------------------------------
    Total:               46

    Linker created             1 024
------------------------------------
    Grand Total:         46    1 024


*******************************************************************************
*** ENTRY LIST
***

Entry                    Address  Size  Type      Object
-----                    -------  ----  ----      ------
CSTACK$$Base         0x2000'0000         --   Gb  - Linker created -
CSTACK$$Limit        0x2000'0400         --   Gb  - Linker created -
HardFault_Handler           0x2d        Code  Gb  asmCut.o [1]
NMI_Handler                 0x2d        Code  Gb  asmCut.o [1]
__iar_program_start         0x11        Code  Gb  asmCut.o [1]
__vector_table               0x0        Data  Gb  asmCut.o [1]


[1] = C:\Users\piotr\Documents\programowanieGithub\scc\IAR_ASM_ARM_CM\Debug\Obj

     46 bytes of readonly  code memory
  1 024 bytes of readwrite data memory

Errors: none
Warnings: none
