###############################################################################
#
# IAR ELF Linker V8.32.1.169/W32 for ARM                  11/Apr/2019  00:01:44
# Copyright 2007-2018 IAR Systems AB.
#
#    Output file  =  
#        C:\Users\piotr\Documents\programowanieGithub\scc\IAR_ASM_ARM_CM\Debug\Exe\PROJECT.out
#    Map file     =  
#        C:\Users\piotr\Documents\programowanieGithub\scc\IAR_ASM_ARM_CM\Debug\List\PROJECT.map
#    Command line =  
#        -f C:\Users\piotr\AppData\Local\Temp\EW19CF.tmp
#        (C:\Users\piotr\Documents\programowanieGithub\scc\IAR_ASM_ARM_CM\Debug\Obj\asmCut.o
#        --no_out_extension -o
#        C:\Users\piotr\Documents\programowanieGithub\scc\IAR_ASM_ARM_CM\Debug\Exe\PROJECT.out
#        --redirect _Printf=_PrintfFullNoMb --redirect _Scanf=_ScanfFullNoMb
#        --map
#        C:\Users\piotr\Documents\programowanieGithub\scc\IAR_ASM_ARM_CM\Debug\List\PROJECT.map
#        --log
#        libraries,initialization,modules,redirects,sections,veneers,unused_fragments,call_graph
#        --log_file
#        C:\Users\piotr\Documents\programowanieGithub\scc\IAR_ASM_ARM_CM\Debug\List\PROJECT.log
#        --config
#        C:\Users\piotr\Documents\programowanieGithub\scc\IAR_ASM_ARM_CM\asm_generic_CM.icf
#        --semihosting --no_library_search --entry __iar_program_start --vfe
#        --text_out locale)
#
###############################################################################

*******************************************************************************
*** PLACEMENT SUMMARY
***

"A0":  place at 0x800'0000 { ro section .intvec };
"P1":  place in [from 0x800'0000 to 0x800'1fff] { ro };
define block CSTACK with size = 64, alignment = 8 { };
"P2":  place in [from 0x2000'0000 to 0x2000'03ff] { rw, block CSTACK };

No sections matched the following patterns:

  rw  in "P2"


  Section   Kind         Address  Size  Object
  -------   ----         -------  ----  ------
"A0":                             0x10
  .intvec   ro code   0x800'0000  0x10  asmCut.o [1]
                    - 0x800'0010  0x10

"P1":                             0x82
  .text     ro code   0x800'0010  0x80  asmCut.o [1]
  .text     ro code   0x800'0090   0x2  asmCut.o [1]
                    - 0x800'0092  0x82

"P2":                             0x40
  CSTACK             0x2000'0000  0x40  <Block>
    CSTACK  uninit   0x2000'0000  0x40  <Block tail>
                   - 0x2000'0040  0x40

Unused ranges:

         From           To    Size
         ----           --    ----
   0x800'0092   0x800'1fff  0x1f6e
  0x2000'0040  0x2000'03ff   0x3c0



*******************************************************************************
*** MODULE SUMMARY
***

    Module          ro code  rw data
    ------          -------  -------
command line/config:
    --------------------------------
    Total:

C:\Users\piotr\Documents\programowanieGithub\scc\IAR_ASM_ARM_CM\Debug\Obj: [1]
    asmCut.o            146
    --------------------------------
    Total:              146

    Linker created                64
------------------------------------
    Grand Total:        146       64


*******************************************************************************
*** ENTRY LIST
***

Entry                    Address  Size  Type      Object
-----                    -------  ----  ----      ------
CSTACK$$Base         0x2000'0000         --   Gb  - Linker created -
CSTACK$$Limit        0x2000'0040         --   Gb  - Linker created -
HardFault_Handler     0x800'0091        Code  Gb  asmCut.o [1]
NMI_Handler           0x800'0091        Code  Gb  asmCut.o [1]
__iar_program_start   0x800'0011        Code  Gb  asmCut.o [1]
__vector_table        0x800'0000        Data  Gb  asmCut.o [1]


[1] = C:\Users\piotr\Documents\programowanieGithub\scc\IAR_ASM_ARM_CM\Debug\Obj

  146 bytes of readonly  code memory
   64 bytes of readwrite data memory

Errors: none
Warnings: none
